
> footy-contacts@ build C:\Users\Calvi\footy-contacts
> turbo build

node.exe : ΓÇó turbo 2.9.6
At C:\Users\Calvi\AppData\Roaming\npm\pnpm.ps1:24 char:5
+     & "node$exe"  "$basedir/node_modules/pnpm/bin/pnpm.cjs" $args
+     ~~~~~~~~~~~~~~~~~~~~~~~~~~~~~~~~~~~~~~~~~~~~~~~~~~~~~~~~~~~~~
    + CategoryInfo          : NotSpecified: (ΓÇó turbo 2.9.6:String) [], Remot 
   eException
    + FullyQualifiedErrorId : NativeCommandError
 

   ΓÇó Packages in scope: @footy/hooks, @footy/seo, @footy/supabase, @footy/types, marketing, mobile, web
   ΓÇó Running build in 7 packages
   ΓÇó Remote caching disabled

marketing:build: cache miss, executing 6b3d381bb2111784
web:build: cache miss, executing f38c9c06528937df
web:build: 
web:build: > web@0.0.1 build C:\Users\Calvi\footy-contacts\apps\web
marketing:build: 
marketing:build: > marketing@0.0.1 build C:\Users\Calvi\footy-contacts\apps\marketing
web:build: > next build
web:build: 
marketing:build: > next build
marketing:build: 
marketing:build:    Γû▓ Next.js 15.5.15
marketing:build: 
web:build:    Γû▓ Next.js 15.5.15
web:build:    - Environments: .env.local
web:build: 
marketing:build:    Creating an optimized production build ...
web:build:    Creating an optimized production build ...
web:build:  ΓÜá Compiled with warnings in 23.4s
web:build: 
web:build: ../../node_modules/.pnpm/@opentelemetry+instrumentation@0.212.0_@opentelemetry+api@1.9.1/node_modules/@opentelemetry/instrumentation/build/esm/platform/node/instrumentation.js
web:build: Critical dependency: the request of a dependency is an expression
web:build: 
web:build: Import trace for requested module:
web:build: ../../node_modules/.pnpm/@opentelemetry+instrumentation@0.212.0_@opentelemetry+api@1.9.1/node_modules/@opentelemetry/instrumentation/build/esm/platform/node/instrumentation.js
web:build: ../../node_modules/.pnpm/@opentelemetry+instrumentation@0.212.0_@opentelemetry+api@1.9.1/node_modules/@opentelemetry/instrumentation/build/esm/platform/node/index.js
web:build: ../../node_modules/.pnpm/@opentelemetry+instrumentation@0.212.0_@opentelemetry+api@1.9.1/node_modules/@opentelemetry/instrumentation/build/esm/platform/index.js
web:build: ../../node_modules/.pnpm/@opentelemetry+instrumentation@0.212.0_@opentelemetry+api@1.9.1/node_modules/@opentelemetry/instrumentation/build/esm/index.js
web:build: ../../node_modules/.pnpm/@fastify+otel@0.18.0_@opentelemetry+api@1.9.1/node_modules/@fastify/otel/index.js
web:build: ../../node_modules/.pnpm/@sentry+node@10.53.1/node_modules/@sentry/node/build/cjs/integrations/tracing/fastify/index.js
web:build: ../../node_modules/.pnpm/@sentry+node@10.53.1/node_modules/@sentry/node/build/cjs/index.js
web:build: ../../node_modules/.pnpm/@sentry+nextjs@10.53.1_@opentelemetry+core@2.7.1_@opentelemetry+api@1.9.1__@opentelemetry+sdk_3cvvneorqz6ql324tm2gzerecm/node_modules/@sentry/nextjs/build/cjs/index.server.js
web:build: ./sentry.server.config.ts
web:build: 
web:build: ../../node_modules/.pnpm/@opentelemetry+instrumentation@0.207.0_@opentelemetry+api@1.9.1/node_modules/@opentelemetry/instrumentation/build/esm/platform/node/instrumentation.js
web:build: Critical dependency: the request of a dependency is an expression
web:build: 
web:build: Import trace for requested module:
web:build: ../../node_modules/.pnpm/@opentelemetry+instrumentation@0.207.0_@opentelemetry+api@1.9.1/node_modules/@opentelemetry/instrumentation/build/esm/platform/node/instrumentation.js
web:build: ../../node_modules/.pnpm/@opentelemetry+instrumentation@0.207.0_@opentelemetry+api@1.9.1/node_modules/@opentelemetry/instrumentation/build/esm/platform/node/index.js
web:build: ../../node_modules/.pnpm/@opentelemetry+instrumentation@0.207.0_@opentelemetry+api@1.9.1/node_modules/@opentelemetry/instrumentation/build/esm/platform/index.js
web:build: ../../node_modules/.pnpm/@opentelemetry+instrumentation@0.207.0_@opentelemetry+api@1.9.1/node_modules/@opentelemetry/instrumentation/build/esm/index.js
web:build: ../../node_modules/.pnpm/@prisma+instrumentation@7.6.0_@opentelemetry+api@1.9.1/node_modules/@prisma/instrumentation/dist/index.js
web:build: ../../node_modules/.pnpm/@sentry+node@10.53.1/node_modules/@sentry/node/build/cjs/integrations/tracing/prisma.js
web:build: ../../node_modules/.pnpm/@sentry+node@10.53.1/node_modules/@sentry/node/build/cjs/index.js
web:build: ../../node_modules/.pnpm/@sentry+nextjs@10.53.1_@opentelemetry+core@2.7.1_@opentelemetry+api@1.9.1__@opentelemetry+sdk_3cvvneorqz6ql324tm2gzerecm/node_modules/@sentry/nextjs/build/cjs/index.server.js
web:build: ./src/app/api/email/unsubscribe/route.ts
web:build: 
web:build: ../../node_modules/.pnpm/require-in-the-middle@8.0.1/node_modules/require-in-the-middle/index.js
web:build: Critical dependency: require function is used in a way in which dependencies cannot be statically extracted
web:build: 
web:build: Import trace for requested module:
web:build: ../../node_modules/.pnpm/require-in-the-middle@8.0.1/node_modules/require-in-the-middle/index.js
web:build: ../../node_modules/.pnpm/@opentelemetry+instrumentation@0.214.0_@opentelemetry+api@1.9.1/node_modules/@opentelemetry/instrumentation/build/esm/platform/node/instrumentation.js
web:build: ../../node_modules/.pnpm/@opentelemetry+instrumentation@0.214.0_@opentelemetry+api@1.9.1/node_modules/@opentelemetry/instrumentation/build/esm/platform/node/index.js
web:build: ../../node_modules/.pnpm/@opentelemetry+instrumentation@0.214.0_@opentelemetry+api@1.9.1/node_modules/@opentelemetry/instrumentation/build/esm/platform/index.js
web:build: ../../node_modules/.pnpm/@opentelemetry+instrumentation@0.214.0_@opentelemetry+api@1.9.1/node_modules/@opentelemetry/instrumentation/build/esm/index.js
web:build: ../../node_modules/.pnpm/@sentry+node@10.53.1/node_modules/@sentry/node/build/cjs/integrations/tracing/express.js
web:build: ../../node_modules/.pnpm/@sentry+node@10.53.1/node_modules/@sentry/node/build/cjs/index.js
web:build: ../../node_modules/.pnpm/@sentry+nextjs@10.53.1_@opentelemetry+core@2.7.1_@opentelemetry+api@1.9.1__@opentelemetry+sdk_3cvvneorqz6ql324tm2gzerecm/node_modules/@sentry/nextjs/build/cjs/index.server.js
web:build: ./src/app/api/email/unsubscribe/route.ts
web:build: 
web:build:  Γ£ô Compiled successfully in 34.2s
web:build:    Linting and checking validity of types ...
marketing:build:  Γ£ô Compiled successfully in 62s
marketing:build:    Linting and checking validity of types ...
web:build:    Collecting page data ...
marketing:build:    Collecting page data ...
marketing:build: Error: supabaseUrl is required.
marketing:build:     at <unknown> (C:\Users\Calvi\footy-contacts\apps\marketing\.next\server\chunks\2407.js:37:50044)
marketing:build:     at new cG (C:\Users\Calvi\footy-contacts\apps\marketing\.next\server\chunks\2407.js:37:50295)
marketing:build:     at cH (C:\Users\Calvi\footy-contacts\apps\marketing\.next\server\chunks\2407.js:37:54290)
marketing:build:     at e (C:\Users\Calvi\footy-contacts\apps\marketing\.next\server\app\org\[slug]\page.js:1:435)
marketing:build:     at Object.k [as generateStaticParams] (C:\Users\Calvi\footy-contacts\apps\marketing\.next\server\app\org\[slug]\page.js:1:988)
marketing:build: 
marketing:build: > Build error occurred
marketing:build: [Error: Failed to collect page data for /org/[slug]] { type: 'Error' }
marketing:build: ΓÇëELIFECYCLEΓÇë Command failed with exit code 1.
 ERROR  marketing#build: command 
(C:\Users\Calvi\footy-contacts\apps\marketing) 
C:\Users\Calvi\AppData\Local\pnpm\.tools\pnpm\9.15.0\bin\pnpm.CMD run build 
exited (1)

 Tasks:    0 successful, 2 total
Cached:    0 cached, 2 total
  Time:    1m36.867s 
Failed:    marketing#build

 ERROR  run failed: command  exited (1)
ΓÇëELIFECYCLEΓÇë Command failed with exit code 1.
